[DITTO]

   Command Palette

> Feed
View home feed
  Communities
  Browse all communities
  Login
  Sign in to your account
  Register
  Create a new account
  Create Post
  Share something new
  Settings
  Configure app preferences
  Help
  Show keyboard shortcuts
  Quit
  Exit the application





  ↑/k up • ↓/j down • / filter • q quit • ? more
 Global  : palette  •  enter open  •  q back  •  :man manual
 Here  j/k move  •  enter run  •  esc cancel
