> ╭────────────────────────────────────────────────────────────────────────────╮
  │ c/ditto • u/guide • 1h ago                                                 │
  │                                                                            │
  │ Arrow selection should be obvious without inverting the whole card         │
  │                                                                            │
  │ ↑↓ 12 • 💬 3 • 💎 1                                                        │
  ╰────────────────────────────────────────────────────────────────────────────╯


  ╭────────────────────────────────────────────────────────────────────────────╮
  │ c/ux • u/rook • 30m ago                                                    │
  │                                                                            │
  │ Unselected cards should stay calm                                          │
  │                                                                            │
  │ ↑↓ 5 • 💬 1 • 💎 0                                                         │
  ╰────────────────────────────────────────────────────────────────────────────╯



  ↑/k up • ↓/j down • q quit • ? more
