> ╭──────────────────────────────────────────────────────────────────────────────╮
  │ USER • u/terminalfox • joined Apr 30                                         │
  │                                                                              │
  │ u/terminalfox                                                                │
  │                                                                              │
  │ Ditto user profile                                                           │
  │                                                                              │
  │ Followed user                                                                │
  ╰──────────────────────────────────────────────────────────────────────────────╯


  ╭──────────────────────────────────────────────────────────────────────────────╮
  │ USER • u/rook • joined 6h ago                                                │
  │                                                                              │
  │ u/rook                                                                       │
  │                                                                              │
  │ Ditto user profile                                                           │
  │                                                                              │
  │ Followed user                                                                │
  ╰──────────────────────────────────────────────────────────────────────────────╯



  ↑/k up • ↓/j down • q quit • ? more
