
  # Ditto CLI Manual 📖

  Welcome to Ditto! This guide will help you navigate
  and interact with the platform.

  ## Navigation 🕹️

  • **j / k** or **Up / Down**: Navigate through lists
  (Feed, Communities, Comments).
  • **Enter**: Open a post, join a community, or
  submit a form.
  • **q**: Go back to the previous screen.
  • **esc**: Clear the command buffer or exit a sub-
  menu.

  ## Post Detail Actions 📄
