╭────────────────────────────────────────────────────────────────────────╮
│                                                                        │
│    Login to Ditto                                                      │
│                                                                        │
│  Use your Ditto account to unlock the TUI.                             │
│                                                                        │
│  Username                                                              │
│  > astrocat                                                            │
│                                                                        │
│  Password                                                              │
│  > •••••••••                                                           │
│                                                                        │
│  [ Log In ]  [ Create Account ]                                        │
│                                                                        │
╰────────────────────────────────────────────────────────────────────────╯
