╭────────────────────────────────────────────────────────────────────────╮
│                                                                        │
│    You are in                                                          │
│                                                                        │
│  The session token is already saved locally.                           │
│                                                                        │
│  [ Continue ]  [ Create Account ]                                      │
│                                                                        │
│  ╭────────────────────────────────────────────╮                        │
│  │                                            │                        │
│  │  Session saved                             │                        │
│  │                                            │                        │
│  │  Welcome back. Token preview: deadbeef...  │                        │
│  │                                            │                        │
│  ╰────────────────────────────────────────────╯                        │
│                                                                        │
╰────────────────────────────────────────────────────────────────────────╯
