[DITTO] › [COMMUNITIES]




     ╭──────────────────────────────────────────────────────────────────────────────╮
     │                                                                              │
     │    No communities to show                                                    │
     │                                                                              │
     │  There is nothing in this list yet. You can discover random communities or   │
     │  jump back to the feed.                                                      │
     │                                                                              │
     │  Try:                                                                        │
     │    • :random discover communities                                            │
     │    • :joined show joined communities                                         │
     │    • q back to feed                                                          │
     │    • n create a post                                                         │
     │                                                                              │
     ╰──────────────────────────────────────────────────────────────────────────────╯




 Global  : palette  •  enter open  •  q back  •  :man manual
 Here  j/k move  •  enter open  •  n new post  •  :joined joined  •  :random discover
