[DITTO]







     ╭──────────────────────────────────────────────────────────────────────────────╮
     │                                                                              │
     │  Loading Ditto                                                               │
     │                                                                              │
     │  Pulling the latest view from the instance.                                  │
     │                                                                              │
     ╰──────────────────────────────────────────────────────────────────────────────╯








 Global  : palette  •  enter open  •  q back  •  :man manual
 Here  wait  •  q quit
