[DITTO] › [FEED]




     ╭──────────────────────────────────────────────────────────────────────────────╮
     │                                                                              │
     │    No posts yet                                                              │
     │                                                                              │
     │  The feed is empty right now. Try pulling in random posts, refreshing, or    │
     │  creating one.                                                               │
     │                                                                              │
     │  Try:                                                                        │
     │    • :random discover posts                                                  │
     │    • :refresh reload feed                                                    │
     │    • n create a post                                                         │
     │    • s search                                                                │
     │                                                                              │
     ╰──────────────────────────────────────────────────────────────────────────────╯




 Global  : palette  •  enter open  •  q back  •  :man manual
 Here  j/k/gg/G move  •  a/z vote  •  n new post  •  r refresh  •  s search
