  DITTO > COMMUNITIES




     ╭──────────────────────────────────────────────────────────────────────────────╮
     │                                                                              │
     │    No communities to show                                                    │
     │                                                                              │
     │  There is nothing in this list yet. You can discover random communities or   │
     │  jump back to the feed.                                                      │
     │                                                                              │
     │  Try:                                                                        │
     │    • :random discover communities                                            │
     │    • :joined show joined communities                                         │
     │    • q back to feed                                                          │
     │    • n create a post                                                         │
     │                                                                              │
     ╰──────────────────────────────────────────────────────────────────────────────╯




 Global  /: cmd  •  enter open  •  q back  •  ? :man
 Here  j/k move  •  enter open/join  •  n new post  •  :random discover
