> Narrow layout should stay readable when metadata get
u/terminalfox (u/user-with-a-long-id) in c/ditto-desig

A smaller viewport should still keep post detail
usable without turning the header into soup.

Comments:

   u/moss • ↑↓ 6 • 30m ago
    If this fits in a narrow fixture, it usually survi






  Actions: (c)omment • (r)eply • (p)rofile • (s)hare • (R)eport • (L)oad more
