  c/ditto • u/guide • 8h ago • p/post-42

  Shipping snapshot coverage without making the TUI miserable

  Posted 2026-05-02 09:00

  ↑↓ 12 • 💬 3 • 💎 1

This post body is intentionally long so the renderer has to wrap
paragraphs across multiple lines.

It also includes a second paragraph to make sure markdown rendering
stays readable in a constrained viewport.

Comments:

  • u/sable • ↑↓ 7 • 7h ago
     2026-05-02 09:25 • 1 reply
    Love this direction. Golden tests are boring right until they save

  Comment by u/rook: (enter) reply • (r)eply • (p)rofile • (s)hare • (R)eport
