> c/ditto-design • u/terminalfox • 47m ago • p/post-7

  Narrow layout should stay readable when metadata get

  Posted 2026-05-02 10:13

  ↑↓ 19 • 💬 12 • 💎 2

A smaller viewport should still keep post detail
usable without turning the header into soup.

Comments:

  • u/moss • ↑↓ 6 • 30m ago
     2026-05-02 10:30

  Actions: (c)omment • (r)eply • (p)rofile • (s)hare • (R)eport • (L)oad more
