[DITTO] › [SETTINGS]                             [u/sunny]  [🪙 42]  [💎 7]


  Profile Settings

  Avatar URL:
  > https://cdn.example.com/avatar.png

  [ Save ]


  Tip: Use :delete-account to permanently delete your account.





 Global  : palette  •  enter open  •  q back  •  :man manual
 Here  tab next field  •  shift+tab prev  •  enter submit  •  esc cancel
